<?xml version="1.0" encoding="utf-8"?><testsuites name="pytest tests"><testsuite name="pytest" errors="0" failures="0" skipped="0" tests="20" time="50.849" timestamp="2026-05-28T14:34:33.846750+05:30" hostname="LAPTOP-TQ8CCLN9"><testcase classname="tests.test_api" name="test_endpoint_health" time="0.022" /><testcase classname="tests.test_api" name="test_endpoint_predict_success" time="1.375" /><testcase classname="tests.test_api" name="test_endpoint_predict_validation_error" time="0.018" /><testcase classname="tests.test_api" name="test_endpoint_batch_score_success" time="0.031" /><testcase classname="tests.test_api" name="test_endpoint_ask_complaints" time="0.018" /><testcase classname="tests.test_api" name="test_endpoint_customer_intel" time="0.029" /><testcase classname="tests.test_database" name="test_database_initialization_and_ingest" time="0.066" /><testcase classname="tests.test_database" name="test_caching_hit_and_miss_behavior" time="0.050" /><testcase classname="tests.test_database" name="test_non_existent_customer" time="0.001" /><testcase classname="tests.test_promotion" name="test_promotion_gate_success" time="0.016" /><testcase classname="tests.test_promotion" name="test_promotion_gate_failed_prauc" time="0.003" /><testcase classname="tests.test_promotion" name="test_promotion_gate_failed_f1" time="0.017" /><testcase classname="tests.test_rag" name="test_rag_agent_in_domain_generation" time="22.259" /><testcase classname="tests.test_rag" name="test_rag_agent_out_of_domain_refusal" time="5.170" /><testcase classname="tests.test_rag" name="test_rag_agent_customer_id_filtering" time="2.760" /><testcase classname="tests.test_validation" name="test_validation_success" time="0.045" /><testcase classname="tests.test_validation" name="test_validation_negative_age" time="0.045" /><testcase classname="tests.test_validation" name="test_validation_invalid_education" time="0.036" /><testcase classname="tests.test_validation" name="test_validation_empty_complaint" time="0.051" /><testcase classname="tests.test_validation" name="test_validation_negative_duration" time="0.057" /></testsuite></testsuites>